// Jest Snapshot v1, https://goo.gl/fbAQLP

exports[`render "Display" correctly 1`] = `
<View
  style={
    Object {
      "alignItems": "center",
      "flex": 1,
      "justifyContent": "center",
    }
  }
>
  <Text
    accessible={true}
    allowFontScaling={true}
    disabled={false}
    ellipsizeMode="tail"
    style={
      Object {
        "color": "black",
        "fontSize": 15,
      }
    }
  >
    teste
  </Text>
</View>
`;
